
> asset-management-system@1.0.0 build
> next build

(node:5132) [MODULE_TYPELESS_PACKAGE_JSON] Warning: Module type of file:///C:/Users/Hp/asset-management/next.config.js is not specified and it doesn't parse as CommonJS.
Reparsing as ES module because module syntax was detected. This incurs a performance overhead.
To eliminate this warning, add "type": "module" to C:\Users\Hp\asset-management\package.json.
(Use `node --trace-warnings ...` to show where the warning was created)
  ▲ Next.js 14.2.35
  - Environments: .env.local, .env

   Creating an optimized production build ...
(node:28480) [MODULE_TYPELESS_PACKAGE_JSON] Warning: Module type of file:///C:/Users/Hp/asset-management/next.config.js is not specified and it doesn't parse as CommonJS.
Reparsing as ES module because module syntax was detected. This incurs a performance overhead.
To eliminate this warning, add "type": "module" to C:\Users\Hp\asset-management\package.json.
(Use `node --trace-warnings ...` to show where the warning was created)
(node:21704) [MODULE_TYPELESS_PACKAGE_JSON] Warning: Module type of file:///C:/Users/Hp/asset-management/next.config.js is not specified and it doesn't parse as CommonJS.
Reparsing as ES module because module syntax was detected. This incurs a performance overhead.
To eliminate this warning, add "type": "module" to C:\Users\Hp\asset-management\package.json.
(Use `node --trace-warnings ...` to show where the warning was created)
(node:5720) [MODULE_TYPELESS_PACKAGE_JSON] Warning: Module type of file:///C:/Users/Hp/asset-management/next.config.js is not specified and it doesn't parse as CommonJS.
Reparsing as ES module because module syntax was detected. This incurs a performance overhead.
To eliminate this warning, add "type": "module" to C:\Users\Hp\asset-management\package.json.
(Use `node --trace-warnings ...` to show where the warning was created)
 ✓ Compiled successfully
   Linting and checking validity of types ...

 ⚠ The Next.js plugin was not detected in your ESLint configuration. See https://nextjs.org/docs/basic-features/eslint#migrating-existing-config

./src/app/admin/users/page.tsx
51:37  Warning: Unexpected any. Specify a different type.  @typescript-eslint/no-explicit-any

./src/app/api/asset-add-requests/[id]/route.ts
49:25  Warning: Unexpected any. Specify a different type.  @typescript-eslint/no-explicit-any

./src/app/api/assets/bulk-delete/route.ts
53:44  Warning: Unexpected any. Specify a different type.  @typescript-eslint/no-explicit-any
66:57  Warning: Unexpected any. Specify a different type.  @typescript-eslint/no-explicit-any
74:28  Warning: Unexpected any. Specify a different type.  @typescript-eslint/no-explicit-any

./src/app/api/assets/bulk-export/route.ts
15:30  Warning: Unexpected any. Specify a different type.  @typescript-eslint/no-explicit-any
37:35  Warning: Unexpected any. Specify a different type.  @typescript-eslint/no-explicit-any
106:44  Warning: Unexpected any. Specify a different type.  @typescript-eslint/no-explicit-any

./src/app/api/assets/bulk-print/route.ts
26:17  Warning: Unexpected any. Specify a different type.  @typescript-eslint/no-explicit-any

./src/app/api/assets/bulk-update/route.ts
61:52  Warning: Unexpected any. Specify a different type.  @typescript-eslint/no-explicit-any
71:52  Warning: Unexpected any. Specify a different type.  @typescript-eslint/no-explicit-any
81:52  Warning: Unexpected any. Specify a different type.  @typescript-eslint/no-explicit-any

./src/app/api/auth/signup/route.ts
19:5  Warning: Unexpected console statement.  no-console
40:5  Warning: Unexpected console statement.  no-console
64:23  Warning: Unexpected any. Specify a different type.  @typescript-eslint/no-explicit-any
70:5  Warning: Unexpected console statement.  no-console

./src/app/api/automation/check-workflows/route.ts
73:20  Warning: Unexpected any. Specify a different type.  @typescript-eslint/no-explicit-any

./src/app/api/bulk-import/route.ts
29:26  Warning: Unexpected any. Specify a different type.  @typescript-eslint/no-explicit-any

./src/app/api/dashboard/stats/route.ts
254:5  Warning: Unexpected console statement.  no-console

./src/app/api/dashboard/stats-advanced/route.ts
37:7  Warning: Unexpected console statement.  no-console
46:5  Warning: Unexpected console statement.  no-console
88:5  Warning: Unexpected console statement.  no-console

./src/app/api/furniture/route.ts
5:10  Warning: 'generateAssetTag' is defined but never used.  @typescript-eslint/no-unused-vars
6:10  Warning: 'generateSerialNumber' is defined but never used.  @typescript-eslint/no-unused-vars

./src/app/api/maintenances/route.ts
3:29  Warning: 'createAuditLog' is defined but never used.  @typescript-eslint/no-unused-vars
49:18  Warning: Unexpected any. Specify a different type.  @typescript-eslint/no-explicit-any

./src/app/api/maintenances/[id]/route.ts
82:23  Warning: Unexpected any. Specify a different type.  @typescript-eslint/no-explicit-any

./src/app/api/notifications/check/route.ts
6:28  Warning: 'req' is defined but never used. Allowed unused args must match /^_/u.  @typescript-eslint/no-unused-vars

./src/app/api/notifications/preferences/route.ts
44:27  Warning: 'request' is defined but never used. Allowed unused args must match /^_/u.  @typescript-eslint/no-unused-vars

./src/app/api/notifications/route.ts
3:23  Warning: 'requireView' is defined but never used.  @typescript-eslint/no-unused-vars

./src/app/api/reports/generate/route.ts
59:11  Warning: 'reportMetadata' is assigned a value but never used.  @typescript-eslint/no-unused-vars

./src/app/api/reports/templates/route.ts
24:27  Warning: 'request' is defined but never used. Allowed unused args must match /^_/u.  @typescript-eslint/no-unused-vars

./src/app/api/search/route.ts
34:68  Warning: 'users' is assigned a value but never used.  @typescript-eslint/no-unused-vars

./src/app/api/settings/categories/route.ts
5:27  Warning: 'req' is defined but never used. Allowed unused args must match /^_/u.  @typescript-eslint/no-unused-vars

./src/app/api/settings/route.ts
3:7  Warning: 'SETTINGS_KEY' is assigned a value but never used.  @typescript-eslint/no-unused-vars

./src/app/api/slack/actions/route.ts
58:3  Warning: 'responseUrl' is defined but never used. Allowed unused args must match /^_/u.  @typescript-eslint/no-unused-vars

./src/app/api/slack/commands/route.ts
7:10  Warning: 'slackService' is defined but never used.  @typescript-eslint/no-unused-vars
70:51  Warning: 'responseUrl' is defined but never used. Allowed unused args must match /^_/u.  @typescript-eslint/no-unused-vars
220:57  Warning: 'responseUrl' is defined but never used. Allowed unused args must match /^_/u.  @typescript-eslint/no-unused-vars
256:51  Warning: 'responseUrl' is defined but never used. Allowed unused args must match /^_/u.  @typescript-eslint/no-unused-vars

./src/app/api/socket.io/route.ts
22:27  Warning: 'req' is defined but never used. Allowed unused args must match /^_/u.  @typescript-eslint/no-unused-vars
26:28  Warning: 'req' is defined but never used. Allowed unused args must match /^_/u.  @typescript-eslint/no-unused-vars

./src/app/api/spare-parts/route.ts
3:29  Warning: 'createAuditLog' is defined but never used.  @typescript-eslint/no-unused-vars
42:18  Warning: Unexpected any. Specify a different type.  @typescript-eslint/no-explicit-any

./src/app/api/spare-parts/[id]/route.ts
56:23  Warning: Unexpected any. Specify a different type.  @typescript-eslint/no-explicit-any

./src/app/api/upload-image/route.ts
61:14  Warning: 'e' is defined but never used.  @typescript-eslint/no-unused-vars

./src/app/api/user-requests/route.ts
3:10  Warning: 'requireAuth' is defined but never used.  @typescript-eslint/no-unused-vars

./src/app/api/users/route.ts
6:15  Warning: 'PermissionAction' is defined but never used.  @typescript-eslint/no-unused-vars
120:35  Warning: Unexpected any. Specify a different type.  @typescript-eslint/no-explicit-any

./src/app/assets/all/page.tsx
9:3  Warning: 'Plus' is defined but never used.  @typescript-eslint/no-unused-vars
10:3  Warning: 'Eye' is defined but never used.  @typescript-eslint/no-unused-vars
12:3  Warning: 'Filter' is defined but never used.  @typescript-eslint/no-unused-vars
13:3  Warning: 'X' is defined but never used.  @typescript-eslint/no-unused-vars
17:3  Warning: 'CheckCircle' is defined but never used.  @typescript-eslint/no-unused-vars
18:3  Warning: 'AlertTriangle' is defined but never used.  @typescript-eslint/no-unused-vars
19:3  Warning: 'XCircle' is defined but never used.  @typescript-eslint/no-unused-vars
42:46  Warning: Unexpected any. Specify a different type.  @typescript-eslint/no-explicit-any
43:46  Warning: Unexpected any. Specify a different type.  @typescript-eslint/no-explicit-any
44:38  Warning: Unexpected any. Specify a different type.  @typescript-eslint/no-explicit-any
56:10  Warning: 'totalItems' is assigned a value but never used.  @typescript-eslint/no-unused-vars
86:47  Warning: Unexpected any. Specify a different type.  @typescript-eslint/no-explicit-any
97:49  Warning: Unexpected any. Specify a different type.  @typescript-eslint/no-explicit-any
108:46  Warning: Unexpected any. Specify a different type.  @typescript-eslint/no-explicit-any

./src/app/assets/electronics/page.tsx
9:26  Warning: 'DataColumn' is defined but never used.  @typescript-eslint/no-unused-vars
18:10  Warning: 'uploadImage' is defined but never used.  @typescript-eslint/no-unused-vars
26:3  Warning: 'Filter' is defined but never used.  @typescript-eslint/no-unused-vars
27:3  Warning: 'X' is defined but never used.  @typescript-eslint/no-unused-vars
28:3  Warning: 'AlertTriangle' is defined but never used.  @typescript-eslint/no-unused-vars
29:3  Warning: 'Barcode' is defined but never used.  @typescript-eslint/no-unused-vars
35:3  Warning: 'DollarSign' is defined but never used.  @typescript-eslint/no-unused-vars
47:10  Warning: 'showFilters' is assigned a value but never used.  @typescript-eslint/no-unused-vars
47:23  Warning: 'setShowFilters' is assigned a value but never used.  @typescript-eslint/no-unused-vars
51:10  Warning: 'viewingBarcode' is assigned a value but never used.  @typescript-eslint/no-unused-vars
51:26  Warning: 'setViewingBarcode' is assigned a value but never used.  @typescript-eslint/no-unused-vars
60:10  Warning: 'uploadingImage' is assigned a value but never used.  @typescript-eslint/no-unused-vars
60:26  Warning: 'setUploadingImage' is assigned a value but never used.  @typescript-eslint/no-unused-vars
61:10  Warning: 'imagePreviewUrl' is assigned a value but never used.  @typescript-eslint/no-unused-vars
62:50  Warning: Unexpected any. Specify a different type.  @typescript-eslint/no-explicit-any
109:38  Warning: Unexpected any. Specify a different type.  @typescript-eslint/no-explicit-any
206:9  Warning: 'handleSort' is assigned a value but never used.  @typescript-eslint/no-unused-vars
215:9  Warning: 'handleSubmit' is assigned a value but never used.  @typescript-eslint/no-unused-vars
265:46  Warning: Unexpected any. Specify a different type.  @typescript-eslint/no-explicit-any
593:9  Warning: 'handleBulkBarcodePrint' is assigned a value but never used.  @typescript-eslint/no-unused-vars

./src/app/assets/electronics/[id]/page.tsx
88:42  Warning: Unexpected any. Specify a different type.  @typescript-eslint/no-explicit-any
89:52  Warning: Unexpected any. Specify a different type.  @typescript-eslint/no-explicit-any
134:45  Warning: Unexpected any. Specify a different type.  @typescript-eslint/no-explicit-any
264:14  Warning: 'error' is defined but never used.  @typescript-eslint/no-unused-vars
304:14  Warning: 'error' is defined but never used.  @typescript-eslint/no-unused-vars

./src/app/assets/furniture/page.tsx
9:26  Warning: 'DataColumn' is defined but never used.  @typescript-eslint/no-unused-vars
18:10  Warning: 'uploadImage' is defined but never used.  @typescript-eslint/no-unused-vars
18:23  Warning: 'resolveImageUrl' is defined but never used.  @typescript-eslint/no-unused-vars
20:70  Warning: 'FurnitureFormData' is defined but never used.  @typescript-eslint/no-unused-vars
27:3  Warning: 'Filter' is defined but never used.  @typescript-eslint/no-unused-vars
28:3  Warning: 'X' is defined but never used.  @typescript-eslint/no-unused-vars
34:3  Warning: 'DollarSign' is defined but never used.  @typescript-eslint/no-unused-vars
49:10  Warning: 'showBulkBarcode' is assigned a value but never used.  @typescript-eslint/no-unused-vars
56:50  Warning: Unexpected any. Specify a different type.  @typescript-eslint/no-explicit-any
127:38  Warning: Unexpected any. Specify a different type.  @typescript-eslint/no-explicit-any
183:9  Warning: 'handleSort' is assigned a value but never used.  @typescript-eslint/no-unused-vars
192:44  Warning: Unexpected any. Specify a different type.  @typescript-eslint/no-explicit-any
357:9  Warning: 'fetchAllAssetsForBarcode' is assigned a value but never used.  @typescript-eslint/no-unused-vars
374:9  Warning: 'handleBulkBarcodePrint' is assigned a value but never used.  @typescript-eslint/no-unused-vars
1077:10  Warning: 'BulkBarcodeModal' is defined but never used.  @typescript-eslint/no-unused-vars

./src/app/assets/furniture/[id]/page.tsx
31:3  Warning: 'Upload' is defined but never used.  @typescript-eslint/no-unused-vars
32:3  Warning: 'FileText' is defined but never used.  @typescript-eslint/no-unused-vars
33:13  Warning: 'TrashIcon' is defined but never used.  @typescript-eslint/no-unused-vars
97:10  Warning: 'attachments' is assigned a value but never used.  @typescript-eslint/no-unused-vars
98:10  Warning: 'uploading' is assigned a value but never used.  @typescript-eslint/no-unused-vars
102:42  Warning: Unexpected any. Specify a different type.  @typescript-eslint/no-explicit-any
103:52  Warning: Unexpected any. Specify a different type.  @typescript-eslint/no-explicit-any
148:45  Warning: Unexpected any. Specify a different type.  @typescript-eslint/no-explicit-any
199:9  Warning: 'handleFileUpload' is assigned a value but never used.  @typescript-eslint/no-unused-vars
232:9  Warning: 'handleDeleteAttachment' is assigned a value but never used.  @typescript-eslint/no-unused-vars
249:9  Warning: 'formatFileSize' is assigned a value but never used.  @typescript-eslint/no-unused-vars
346:14  Warning: 'error' is defined but never used.  @typescript-eslint/no-unused-vars
386:14  Warning: 'error' is defined but never used.  @typescript-eslint/no-unused-vars

./src/app/assets/vehicles/hub.tsx
3:31  Warning: 'useCallback' is defined but never used.  @typescript-eslint/no-unused-vars
15:68  Warning: 'VehicleFormData' is defined but never used.  @typescript-eslint/no-unused-vars
17:23  Warning: 'Eye' is defined but never used.  @typescript-eslint/no-unused-vars
17:28  Warning: 'Loader2' is defined but never used.  @typescript-eslint/no-unused-vars
17:37  Warning: 'Filter' is defined but never used.  @typescript-eslint/no-unused-vars
17:45  Warning: 'X' is defined but never used.  @typescript-eslint/no-unused-vars
61:10  Warning: 'loadingMaintenance' is assigned a value but never used.  @typescript-eslint/no-unused-vars
61:30  Warning: 'setLoadingMaintenance' is assigned a value but never used.  @typescript-eslint/no-unused-vars
67:10  Warning: 'maintenanceLoading' is assigned a value but never used.  @typescript-eslint/no-unused-vars
134:34  Warning: Unexpected any. Specify a different type.  @typescript-eslint/no-explicit-any
156:47  Warning: Unexpected any. Specify a different type.  @typescript-eslint/no-explicit-any
182:57  Warning: Unexpected any. Specify a different type.  @typescript-eslint/no-explicit-any
211:50  Warning: 'assetName' is defined but never used. Allowed unused args must match /^_/u.  @typescript-eslint/no-unused-vars

./src/app/assets/vehicles/maintenance/page.tsx
14:88  Warning: 'ChevronLeft' is defined but never used.  @typescript-eslint/no-unused-vars
14:119  Warning: 'Loader2' is defined but never used.  @typescript-eslint/no-unused-vars
69:9  Warning: 'router' is assigned a value but never used.  @typescript-eslint/no-unused-vars
114:52  Warning: Unexpected any. Specify a different type.  @typescript-eslint/no-explicit-any
207:46  Warning: Unexpected any. Specify a different type.  @typescript-eslint/no-explicit-any
222:52  Warning: Unexpected any. Specify a different type.  @typescript-eslint/no-explicit-any
228:14  Warning: 'err' is defined but never used.  @typescript-eslint/no-unused-vars
241:14  Warning: 'err' is defined but never used.  @typescript-eslint/no-unused-vars
246:44  Warning: Unexpected any. Specify a different type.  @typescript-eslint/no-explicit-any
264:14  Warning: 'err' is defined but never used.  @typescript-eslint/no-unused-vars
277:14  Warning: 'err' is defined but never used.  @typescript-eslint/no-unused-vars
332:15  Warning: 'headers' is assigned a value but never used.  @typescript-eslint/no-unused-vars
333:24  Warning: Unexpected any. Specify a different type.  @typescript-eslint/no-explicit-any
375:16  Warning: 'err' is defined but never used.  @typescript-eslint/no-unused-vars
431:24  Warning: Unexpected any. Specify a different type.  @typescript-eslint/no-explicit-any
471:16  Warning: 'err' is defined but never used.  @typescript-eslint/no-unused-vars
779:30  Warning: 'perPage' is defined but never used. Allowed unused args must match /^_/u.  @typescript-eslint/no-unused-vars
958:85  Warning: Unexpected any. Specify a different type.  @typescript-eslint/no-explicit-any

./src/app/assets/vehicles/page.tsx
9:26  Warning: 'DataColumn' is defined but never used.  @typescript-eslint/no-unused-vars
18:10  Warning: 'uploadImage' is defined but never used.  @typescript-eslint/no-unused-vars
21:37  Warning: 'Filter' is defined but never used.  @typescript-eslint/no-unused-vars
21:45  Warning: 'X' is defined but never used.  @typescript-eslint/no-unused-vars
22:58  Warning: 'Paperclip' is defined but never used.  @typescript-eslint/no-unused-vars
22:69  Warning: 'DollarSign' is defined but never used.  @typescript-eslint/no-unused-vars
35:10  Warning: 'showFilters' is assigned a value but never used.  @typescript-eslint/no-unused-vars
35:23  Warning: 'setShowFilters' is assigned a value but never used.  @typescript-eslint/no-unused-vars
41:50  Warning: Unexpected any. Specify a different type.  @typescript-eslint/no-explicit-any
49:10  Warning: 'uploadingImage' is assigned a value but never used.  @typescript-eslint/no-unused-vars
49:26  Warning: 'setUploadingImage' is assigned a value but never used.  @typescript-eslint/no-unused-vars
50:10  Warning: 'imagePreviewUrl' is assigned a value but never used.  @typescript-eslint/no-unused-vars
72:9  Warning: 'canViewOnly' is assigned a value but never used.  @typescript-eslint/no-unused-vars
82:38  Warning: Unexpected any. Specify a different type.  @typescript-eslint/no-explicit-any
110:9  Warning: 'handleDisposeAsset' is assigned a value but never used.  @typescript-eslint/no-unused-vars
171:42  Warning: Unexpected any. Specify a different type.  @typescript-eslint/no-explicit-any
204:9  Warning: 'handleAuctionAsset' is assigned a value but never used.  @typescript-eslint/no-unused-vars
300:9  Warning: 'handleSort' is assigned a value but never used.  @typescript-eslint/no-unused-vars
309:9  Warning: 'handleSubmit' is assigned a value but never used.  @typescript-eslint/no-unused-vars
595:9  Warning: 'handleBulkBarcodePrint' is assigned a value but never used.  @typescript-eslint/no-unused-vars

./src/app/assets/vehicles/[id]/page.tsx
91:42  Warning: Unexpected any. Specify a different type.  @typescript-eslint/no-explicit-any
92:52  Warning: Unexpected any. Specify a different type.  @typescript-eslint/no-explicit-any
137:45  Warning: Unexpected any. Specify a different type.  @typescript-eslint/no-explicit-any
267:14  Warning: 'error' is defined but never used.  @typescript-eslint/no-unused-vars
307:14  Warning: 'error' is defined but never used.  @typescript-eslint/no-unused-vars

./src/app/dashboard/page.tsx
11:41  Warning: 'cardAnimation' is defined but never used.  @typescript-eslint/no-unused-vars
13:36  Warning: 'AlertTriangle' is defined but never used.  @typescript-eslint/no-unused-vars
13:51  Warning: 'CheckCircle' is defined but never used.  @typescript-eslint/no-unused-vars
13:64  Warning: 'XCircle' is defined but never used.  @typescript-eslint/no-unused-vars
14:3  Warning: 'Plus' is defined but never used.  @typescript-eslint/no-unused-vars
14:9  Warning: 'BarChart3' is defined but never used.  @typescript-eslint/no-unused-vars
14:20  Warning: 'ArrowUpRight' is defined but never used.  @typescript-eslint/no-unused-vars
14:45  Warning: 'TrendingUp' is defined but never used.  @typescript-eslint/no-unused-vars
14:57  Warning: 'Clock' is defined but never used.  @typescript-eslint/no-unused-vars
227:17  Warning: 'session' is assigned a value but never used.  @typescript-eslint/no-unused-vars
246:21  Warning: Unexpected any. Specify a different type.  @typescript-eslint/no-explicit-any

./src/app/employees/page.tsx
10:42  Warning: 'Package' is defined but never used.  @typescript-eslint/no-unused-vars
11:27  Warning: 'MapPin' is defined but never used.  @typescript-eslint/no-unused-vars
11:48  Warning: 'UserCheck' is defined but never used.  @typescript-eslint/no-unused-vars
11:59  Warning: 'Building2' is defined but never used.  @typescript-eslint/no-unused-vars
38:17  Warning: 'session' is assigned a value but never used.  @typescript-eslint/no-unused-vars
68:9  Warning: 'offices' is assigned a value but never used.  @typescript-eslint/no-unused-vars
68:52  Warning: 'e' is defined but never used. Allowed unused args must match /^_/u.  @typescript-eslint/no-unused-vars

./src/app/notifications/page.tsx
35:50  Warning: Unexpected any. Specify a different type.  @typescript-eslint/no-explicit-any

./src/app/page.tsx
9:17  Warning: 'session' is assigned a value but never used.  @typescript-eslint/no-unused-vars

./src/app/reports/page.tsx
68:5  Warning: 'setValue' is assigned a value but never used.  @typescript-eslint/no-unused-vars
107:22  Warning: Unexpected any. Specify a different type.  @typescript-eslint/no-explicit-any
147:22  Warning: Unexpected any. Specify a different type.  @typescript-eslint/no-explicit-any

./src/app/settings/page.tsx
9:51  Warning: 'Database' is defined but never used.  @typescript-eslint/no-unused-vars
9:61  Warning: 'Zap' is defined but never used.  @typescript-eslint/no-unused-vars
12:22  Warning: 'Calendar' is defined but never used.  @typescript-eslint/no-unused-vars
12:32  Warning: 'TrendingUp' is defined but never used.  @typescript-eslint/no-unused-vars
12:59  Warning: 'Cloud' is defined but never used.  @typescript-eslint/no-unused-vars
12:66  Warning: 'FileJson' is defined but never used.  @typescript-eslint/no-unused-vars
58:9  Warning: Unexpected any. Specify a different type.  @typescript-eslint/no-explicit-any
289:14  Warning: 'error' is defined but never used.  @typescript-eslint/no-unused-vars
311:14  Warning: 'error' is defined but never used.  @typescript-eslint/no-unused-vars
327:14  Warning: 'error' is defined but never used.  @typescript-eslint/no-unused-vars
345:14  Warning: 'error' is defined but never used.  @typescript-eslint/no-unused-vars
367:14  Warning: 'error' is defined but never used.  @typescript-eslint/no-unused-vars
399:14  Warning: 'error' is defined but never used.  @typescript-eslint/no-unused-vars
435:14  Warning: 'error' is defined but never used.  @typescript-eslint/no-unused-vars
631:69  Warning: Unexpected any. Specify a different type.  @typescript-eslint/no-explicit-any
768:75  Warning: Unexpected any. Specify a different type.  @typescript-eslint/no-explicit-any
875:70  Warning: Unexpected any. Specify a different type.  @typescript-eslint/no-explicit-any
978:99  Warning: Unexpected any. Specify a different type.  @typescript-eslint/no-explicit-any
1060:72  Warning: Unexpected any. Specify a different type.  @typescript-eslint/no-explicit-any
1148:71  Warning: Unexpected any. Specify a different type.  @typescript-eslint/no-explicit-any
1248:105  Warning: Unexpected any. Specify a different type.  @typescript-eslint/no-explicit-any
1312:74  Warning: Unexpected any. Specify a different type.  @typescript-eslint/no-explicit-any
1432:80  Warning: Unexpected any. Specify a different type.  @typescript-eslint/no-explicit-any
1434:40  Warning: Unexpected any. Specify a different type.  @typescript-eslint/no-explicit-any
1455:7  Warning: Unexpected console statement.  no-console
1480:11  Warning: 'allAssets' is never reassigned. Use 'const' instead.  prefer-const
1480:22  Warning: Unexpected any. Specify a different type.  @typescript-eslint/no-explicit-any
1485:11  Warning: Unexpected console statement.  no-console
1487:11  Warning: Unexpected console statement.  no-console
1488:53  Warning: Unexpected any. Specify a different type.  @typescript-eslint/no-explicit-any
1493:15  Warning: 'errorMsg' is assigned a value but never used.  @typescript-eslint/no-unused-vars
1497:11  Warning: Unexpected console statement.  no-console
1506:11  Warning: Unexpected console statement.  no-console
1508:11  Warning: Unexpected console statement.  no-console
1509:55  Warning: Unexpected any. Specify a different type.  @typescript-eslint/no-explicit-any
1517:11  Warning: Unexpected console statement.  no-console
1526:11  Warning: Unexpected console statement.  no-console
1528:11  Warning: Unexpected console statement.  no-console
1529:51  Warning: Unexpected any. Specify a different type.  @typescript-eslint/no-explicit-any
1537:11  Warning: Unexpected console statement.  no-console
1543:7  Warning: Unexpected console statement.  no-console
1573:46  Warning: 'assetName' is defined but never used. Allowed unused args must match /^_/u.  @typescript-eslint/no-unused-vars
1755:158  Warning: Unexpected any. Specify a different type.  @typescript-eslint/no-explicit-any
1854:73  Warning: Unexpected any. Specify a different type.  @typescript-eslint/no-explicit-any
1861:49  Warning: Unexpected any. Specify a different type.  @typescript-eslint/no-explicit-any

./src/components/AccessibleInput.tsx
6:10  Warning: 'generateId' is defined but never used.  @typescript-eslint/no-unused-vars

./src/components/analytics/AssetDistributionChart.tsx
21:46  Warning: Unexpected any. Specify a different type.  @typescript-eslint/no-explicit-any
62:47  Warning: Unexpected any. Specify a different type.  @typescript-eslint/no-explicit-any

./src/components/analytics/CostAnalysisChart.tsx
14:3  Warning: 'Cell' is defined but never used.  @typescript-eslint/no-unused-vars
34:46  Warning: Unexpected any. Specify a different type.  @typescript-eslint/no-explicit-any

./src/components/analytics/DepreciationChart.tsx
32:46  Warning: Unexpected any. Specify a different type.  @typescript-eslint/no-explicit-any
35:17  Warning: Unexpected any. Specify a different type.  @typescript-eslint/no-explicit-any

./src/components/assets/AssetRealtimeStatus.tsx
12:9  Warning: Unexpected any. Specify a different type.  @typescript-eslint/no-explicit-any

./src/components/BottomSheet.tsx
6:25  Warning: 'modalContent' is defined but never used.  @typescript-eslint/no-unused-vars
23:3  Warning: 'showOnMobileOnly' is assigned a value but never used. Allowed unused args must match /^_/u.  @typescript-eslint/no-unused-vars

./src/components/BulkActionBar.tsx
4:53  Warning: 'MoreVertical' is defined but never used.  @typescript-eslint/no-unused-vars

./src/components/BulkImportExport.tsx
17:83  Warning: Unexpected any. Specify a different type.  @typescript-eslint/no-explicit-any
78:22  Warning: Unexpected any. Specify a different type.  @typescript-eslint/no-explicit-any
103:14  Warning: 'err' is defined but never used.  @typescript-eslint/no-unused-vars

./src/components/BulkStatusUpdateModal.tsx
34:55  Warning: 'errors' is assigned a value but never used.  @typescript-eslint/no-unused-vars

./src/components/CheckoutModal.tsx
104:19  Warning: Unexpected any. Specify a different type.  @typescript-eslint/no-explicit-any

./src/components/CrudPage.tsx
20:18  Warning: Unexpected any. Specify a different type.  @typescript-eslint/no-explicit-any
28:64  Warning: Unexpected any. Specify a different type.  @typescript-eslint/no-explicit-any
30:44  Warning: Unexpected any. Specify a different type.  @typescript-eslint/no-explicit-any
62:59  Warning: Unexpected any. Specify a different type.  @typescript-eslint/no-explicit-any
63:10  Warning: 'toast' is assigned a value but never used.  @typescript-eslint/no-unused-vars
138:32  Warning: Unexpected any. Specify a different type.  @typescript-eslint/no-explicit-any

./src/components/DashboardHeader.tsx
17:3  Warning: 'onManageClick' is defined but never used. Allowed unused args must match /^_/u.  @typescript-eslint/no-unused-vars

./src/components/DashboardLayout.tsx
28:17  Warning: 'session' is assigned a value but never used.  @typescript-eslint/no-unused-vars
32:9  Warning: 'getInitials' is assigned a value but never used.  @typescript-eslint/no-unused-vars

./src/components/DataTable.tsx
6:10  Warning: 'staggerContainer' is defined but never used.  @typescript-eslint/no-unused-vars
6:28  Warning: 'staggerItem' is defined but never used.  @typescript-eslint/no-unused-vars
12:20  Warning: Unexpected any. Specify a different type.  @typescript-eslint/no-explicit-any

./src/components/form/FormCombobox.tsx
26:3  Warning: 'name' is defined but never used. Allowed unused args must match /^_/u.  @typescript-eslint/no-unused-vars

./src/components/form/FormDateInput.tsx
11:14  Warning: Unexpected any. Specify a different type.  @typescript-eslint/no-explicit-any

./src/components/form/FormInput.tsx
12:14  Warning: Unexpected any. Specify a different type.  @typescript-eslint/no-explicit-any

./src/components/form/FormSelect.tsx
11:14  Warning: Unexpected any. Specify a different type.  @typescript-eslint/no-explicit-any

./src/components/form/FormTextarea.tsx
10:14  Warning: Unexpected any. Specify a different type.  @typescript-eslint/no-explicit-any

./src/components/MaintenanceHistoryModal.tsx
28:18  Warning: Unexpected any. Specify a different type.  @typescript-eslint/no-explicit-any
156:19  Warning: Unexpected any. Specify a different type.  @typescript-eslint/no-explicit-any

./src/components/MaintenanceSection.tsx
4:46  Warning: 'Trash2' is defined but never used.  @typescript-eslint/no-unused-vars
218:62  Warning: Unexpected any. Specify a different type.  @typescript-eslint/no-explicit-any

./src/components/ModernElectronicsModal.tsx
12:10  Warning: 'electronicsAssetSchema' is defined but never used.  @typescript-eslint/no-unused-vars
43:29  Warning: Unexpected any. Specify a different type.  @typescript-eslint/no-explicit-any
44:18  Warning: Unexpected any. Specify a different type.  @typescript-eslint/no-explicit-any
46:14  Warning: Unexpected any. Specify a different type.  @typescript-eslint/no-explicit-any
47:18  Warning: Unexpected any. Specify a different type.  @typescript-eslint/no-explicit-any
48:14  Warning: Unexpected any. Specify a different type.  @typescript-eslint/no-explicit-any
49:10  Warning: Unexpected any. Specify a different type.  @typescript-eslint/no-explicit-any
142:19  Warning: Unexpected any. Specify a different type.  @typescript-eslint/no-explicit-any

./src/components/ModernFurnitureModal.tsx
12:10  Warning: 'furnitureAssetSchema' is defined but never used.  @typescript-eslint/no-unused-vars
40:27  Warning: Unexpected any. Specify a different type.  @typescript-eslint/no-explicit-any
41:18  Warning: Unexpected any. Specify a different type.  @typescript-eslint/no-explicit-any
43:14  Warning: Unexpected any. Specify a different type.  @typescript-eslint/no-explicit-any
44:18  Warning: Unexpected any. Specify a different type.  @typescript-eslint/no-explicit-any
45:14  Warning: Unexpected any. Specify a different type.  @typescript-eslint/no-explicit-any
46:10  Warning: Unexpected any. Specify a different type.  @typescript-eslint/no-explicit-any
133:19  Warning: Unexpected any. Specify a different type.  @typescript-eslint/no-explicit-any

./src/components/ModernUserModal.tsx
17:8  Warning: 'Module' is defined but never used.  @typescript-eslint/no-unused-vars
19:10  Warning: 'userSchema' is defined but never used.  @typescript-eslint/no-unused-vars
47:11  Warning: 'success' is assigned a value but never used.  @typescript-eslint/no-unused-vars
72:9  Warning: 'fullNameValue' is assigned a value but never used.  @typescript-eslint/no-unused-vars
130:19  Warning: Unexpected any. Specify a different type.  @typescript-eslint/no-explicit-any

./src/components/ModernVehiclesModal.tsx
7:43  Warning: 'CheckCircle' is defined but never used.  @typescript-eslint/no-unused-vars
12:10  Warning: 'vehicleAssetSchema' is defined but never used.  @typescript-eslint/no-unused-vars
47:25  Warning: Unexpected any. Specify a different type.  @typescript-eslint/no-explicit-any
48:18  Warning: Unexpected any. Specify a different type.  @typescript-eslint/no-explicit-any
50:14  Warning: Unexpected any. Specify a different type.  @typescript-eslint/no-explicit-any
51:18  Warning: Unexpected any. Specify a different type.  @typescript-eslint/no-explicit-any
52:14  Warning: Unexpected any. Specify a different type.  @typescript-eslint/no-explicit-any
53:10  Warning: Unexpected any. Specify a different type.  @typescript-eslint/no-explicit-any
154:19  Warning: Unexpected any. Specify a different type.  @typescript-eslint/no-explicit-any

./src/components/NotificationBell.tsx
36:69  Warning: Unexpected any. Specify a different type.  @typescript-eslint/no-explicit-any

./src/components/pwa/OfflineIndicator.tsx
5:10  Warning: 'Wifi' is defined but never used.  @typescript-eslint/no-unused-vars

./src/components/qr/QRLabelPrinter.tsx
5:29  Warning: 'Copy' is defined but never used.  @typescript-eslint/no-unused-vars
5:35  Warning: 'Plus' is defined but never used.  @typescript-eslint/no-unused-vars
17:10  Warning: 'selectedAsset' is assigned a value but never used.  @typescript-eslint/no-unused-vars
17:25  Warning: 'setSelectedAsset' is assigned a value but never used.  @typescript-eslint/no-unused-vars

./src/components/qr/QRScanner.tsx
16:22  Warning: 'setIsScanning' is assigned a value but never used.  @typescript-eslint/no-unused-vars
42:16  Warning: 'err' is defined but never used.  @typescript-eslint/no-unused-vars
85:16  Warning: 'err' is defined but never used.  @typescript-eslint/no-unused-vars
175:23  Warning: 'imageData' is defined but never used. Allowed unused args must match /^_/u.  @typescript-eslint/no-unused-vars

./src/components/QRCode.tsx
17:20  Warning: Unexpected any. Specify a different type.  @typescript-eslint/no-explicit-any

./src/components/realtime/RealtimeIndicator.tsx
18:21  Warning: 'setIsVisible' is assigned a value but never used.  @typescript-eslint/no-unused-vars

./src/components/Sidebar.tsx
8:10  Warning: 'buttonHover' is defined but never used.  @typescript-eslint/no-unused-vars
8:23  Warning: 'buttonTap' is defined but never used.  @typescript-eslint/no-unused-vars
11:16  Warning: 'X' is defined but never used.  @typescript-eslint/no-unused-vars
12:45  Warning: 'Menu' is defined but never used.  @typescript-eslint/no-unused-vars
41:73  Warning: 'setMobileOpen' is assigned a value but never used. Allowed unused args must match /^_/u.  @typescript-eslint/no-unused-vars

./src/components/SparePartsModal.tsx
23:18  Warning: Unexpected any. Specify a different type.  @typescript-eslint/no-explicit-any
127:19  Warning: Unexpected any. Specify a different type.  @typescript-eslint/no-explicit-any

./src/components/Toast.tsx
41:3  Warning: 'id' is defined but never used. Allowed unused args must match /^_/u.  @typescript-eslint/no-unused-vars

./src/components/ui/Button.tsx
79:50  Warning: Unexpected any. Specify a different type.  @typescript-eslint/no-explicit-any

./src/components/ui/Card.tsx
150:33  Warning: Unexpected any. Specify a different type.  @typescript-eslint/no-explicit-any

./src/components/ui/Checkbox.tsx
94:7  Warning: 'className' is defined but never used. Allowed unused args must match /^_/u.  @typescript-eslint/no-unused-vars

./src/components/ui/DataTable.tsx
41:36  Warning: Unexpected any. Specify a different type.  @typescript-eslint/no-explicit-any
43:18  Warning: Unexpected any. Specify a different type.  @typescript-eslint/no-explicit-any
115:74  Warning: Unexpected any. Specify a different type.  @typescript-eslint/no-explicit-any
126:24  Warning: Unexpected any. Specify a different type.  @typescript-eslint/no-explicit-any
137:32  Warning: Unexpected any. Specify a different type.  @typescript-eslint/no-explicit-any
137:64  Warning: Unexpected any. Specify a different type.  @typescript-eslint/no-explicit-any
137:72  Warning: Unexpected any. Specify a different type.  @typescript-eslint/no-explicit-any

./src/components/ui/index.ts
29:32  Warning: Unexpected any. Specify a different type.  @typescript-eslint/no-explicit-any

./src/components/ui/Modal.tsx
84:5  Warning: 'ref' is defined but never used. Allowed unused args must match /^_/u.  @typescript-eslint/no-unused-vars

./src/components/ui/Radio.tsx
95:7  Warning: 'className' is defined but never used. Allowed unused args must match /^_/u.  @typescript-eslint/no-unused-vars

./src/components/users/UserPresence.tsx
23:37  Warning: Unexpected any. Specify a different type.  @typescript-eslint/no-explicit-any
41:38  Warning: Unexpected any. Specify a different type.  @typescript-eslint/no-explicit-any

./src/components/VehicleMaintenanceModal.tsx
23:18  Warning: Unexpected any. Specify a different type.  @typescript-eslint/no-explicit-any
115:19  Warning: Unexpected any. Specify a different type.  @typescript-eslint/no-explicit-any

./src/hooks/useFetch.ts
2:10  Warning: 'ApiResponse' is defined but never used.  @typescript-eslint/no-unused-vars
6:25  Warning: Unexpected any. Specify a different type.  @typescript-eslint/no-explicit-any
15:10  Warning: Unexpected any. Specify a different type.  @typescript-eslint/no-explicit-any
23:39  Warning: Unexpected any. Specify a different type.  @typescript-eslint/no-explicit-any
25:30  Warning: Unexpected any. Specify a different type.  @typescript-eslint/no-explicit-any
75:19  Warning: Unexpected any. Specify a different type.  @typescript-eslint/no-explicit-any
87:19  Warning: Unexpected any. Specify a different type.  @typescript-eslint/no-explicit-any
144:28  Warning: Unexpected any. Specify a different type.  @typescript-eslint/no-explicit-any

./src/hooks/usePWA.ts
56:28  Warning: Unexpected any. Specify a different type.  @typescript-eslint/no-explicit-any
116:9  Warning: Unexpected console statement.  no-console
137:7  Warning: Unexpected console statement.  no-console
144:70  Warning: Unexpected any. Specify a different type.  @typescript-eslint/no-explicit-any

./src/hooks/useWebSocket.ts
14:9  Warning: Unexpected any. Specify a different type.  @typescript-eslint/no-explicit-any
44:50  Warning: Unexpected any. Specify a different type.  @typescript-eslint/no-explicit-any
46:28  Warning: Unexpected any. Specify a different type.  @typescript-eslint/no-explicit-any
66:54  Warning: Unexpected any. Specify a different type.  @typescript-eslint/no-explicit-any
72:54  Warning: Unexpected any. Specify a different type.  @typescript-eslint/no-explicit-any
76:54  Warning: Unexpected any. Specify a different type.  @typescript-eslint/no-explicit-any
106:9  Warning: 'addEvent' is assigned a value but never used.  @typescript-eslint/no-unused-vars
106:53  Warning: Unexpected any. Specify a different type.  @typescript-eslint/no-explicit-any
128:54  Warning: Unexpected any. Specify a different type.  @typescript-eslint/no-explicit-any
135:63  Warning: Unexpected any. Specify a different type.  @typescript-eslint/no-explicit-any
142:65  Warning: Unexpected any. Specify a different type.  @typescript-eslint/no-explicit-any
164:20  Warning: 'emit' is assigned a value but never used.  @typescript-eslint/no-unused-vars
165:54  Warning: Unexpected any. Specify a different type.  @typescript-eslint/no-explicit-any
169:50  Warning: Unexpected any. Specify a different type.  @typescript-eslint/no-explicit-any
208:42  Warning: Unexpected any. Specify a different type.  @typescript-eslint/no-explicit-any
211:39  Warning: Unexpected any. Specify a different type.  @typescript-eslint/no-explicit-any
235:36  Warning: Unexpected any. Specify a different type.  @typescript-eslint/no-explicit-any
239:49  Warning: Unexpected any. Specify a different type.  @typescript-eslint/no-explicit-any

./src/jobs/worker.ts
17:33  Warning: 'getRedisClient' is defined but never used.  @typescript-eslint/no-unused-vars
26:42  Warning: Unexpected any. Specify a different type.  @typescript-eslint/no-explicit-any
132:27  Warning: 'userId' is assigned a value but never used.  @typescript-eslint/no-unused-vars
132:46  Warning: 'filters' is assigned a value but never used.  @typescript-eslint/no-unused-vars
174:43  Warning: 'userId' is assigned a value but never used.  @typescript-eslint/no-unused-vars

./src/lib/advanced-permissions.ts
137:45  Warning: Unexpected any. Specify a different type.  @typescript-eslint/no-explicit-any

./src/lib/analytics.ts
2:21  Warning: 'AssetStatus' is defined but never used.  @typescript-eslint/no-unused-vars
201:11  Warning: 'startDate' is assigned a value but never used.  @typescript-eslint/no-unused-vars
201:22  Warning: 'endDate' is assigned a value but never used.  @typescript-eslint/no-unused-vars

./src/lib/api-auth.ts
7:3  Warning: 'canView' is defined but never used.  @typescript-eslint/no-unused-vars

./src/lib/asset-tag.ts
1:10  Warning: 'prisma' is defined but never used.  @typescript-eslint/no-unused-vars

./src/lib/auth-options.ts
15:36  Warning: 'req' is defined but never used. Allowed unused args must match /^_/u.  @typescript-eslint/no-unused-vars
21:9  Warning: Unexpected console statement.  no-console
43:9  Warning: Unexpected console statement.  no-console
57:9  Warning: Unexpected console statement.  no-console
81:7  Warning: Unexpected console statement.  no-console
82:7  Warning: Unexpected console statement.  no-console
84:9  Warning: Unexpected console statement.  no-console
89:35  Warning: Unexpected any. Specify a different type.  @typescript-eslint/no-explicit-any
91:7  Warning: Unexpected console statement.  no-console
95:7  Warning: Unexpected console statement.  no-console
96:7  Warning: Unexpected console statement.  no-console
102:26  Warning: Unexpected any. Specify a different type.  @typescript-eslint/no-explicit-any
104:7  Warning: Unexpected console statement.  no-console

./src/lib/cache.ts
13:46  Warning: Unexpected any. Specify a different type.  @typescript-eslint/no-explicit-any
116:13  Warning: Unexpected any. Specify a different type.  @typescript-eslint/no-explicit-any
122:49  Warning: Unexpected any. Specify a different type.  @typescript-eslint/no-explicit-any
127:9  Warning: Unexpected console statement.  no-console

./src/lib/dashboard-utils.ts
72:21  Warning: 'electronics' is assigned a value but never used.  @typescript-eslint/no-unused-vars

./src/lib/email-templates.ts
9:18  Warning: Unexpected any. Specify a different type.  @typescript-eslint/no-explicit-any
233:9  Warning: 'priorityClass' is assigned a value but never used.  @typescript-eslint/no-unused-vars

./src/lib/logger.ts
12:29  Warning: Unexpected any. Specify a different type.  @typescript-eslint/no-explicit-any
20:85  Warning: Unexpected any. Specify a different type.  @typescript-eslint/no-explicit-any
27:80  Warning: Unexpected any. Specify a different type.  @typescript-eslint/no-explicit-any
41:52  Warning: Unexpected any. Specify a different type.  @typescript-eslint/no-explicit-any
43:7  Warning: Unexpected console statement.  no-console
48:51  Warning: Unexpected any. Specify a different type.  @typescript-eslint/no-explicit-any
49:5  Warning: Unexpected console statement.  no-console
53:51  Warning: Unexpected any. Specify a different type.  @typescript-eslint/no-explicit-any
58:52  Warning: Unexpected any. Specify a different type.  @typescript-eslint/no-explicit-any

./src/lib/notifications.ts
2:19  Warning: 'isBefore' is defined but never used.  @typescript-eslint/no-unused-vars
2:29  Warning: 'isAfter' is defined but never used.  @typescript-eslint/no-unused-vars
22:29  Warning: Unexpected any. Specify a different type.  @typescript-eslint/no-explicit-any
68:9  Warning: 'sevenDaysFromNow' is assigned a value but never used.  @typescript-eslint/no-unused-vars

./src/lib/offline-storage.ts
39:7  Warning: Unexpected console statement.  no-console
139:9  Warning: Unexpected any. Specify a different type.  @typescript-eslint/no-explicit-any
158:56  Warning: Unexpected any. Specify a different type.  @typescript-eslint/no-explicit-any
186:61  Warning: Unexpected any. Specify a different type.  @typescript-eslint/no-explicit-any
200:58  Warning: Unexpected any. Specify a different type.  @typescript-eslint/no-explicit-any

./src/lib/prisma-tenant.ts
187:20  Warning: 'queries' is defined but never used. Allowed unused args must match /^_/u.  @typescript-eslint/no-unused-vars
187:29  Warning: Unexpected any. Specify a different type.  @typescript-eslint/no-explicit-any
187:36  Warning: 'options' is defined but never used. Allowed unused args must match /^_/u.  @typescript-eslint/no-unused-vars
187:46  Warning: Unexpected any. Specify a different type.  @typescript-eslint/no-explicit-any

./src/lib/prisma.ts
6:1  Warning: Unexpected console statement.  no-console
18:1  Warning: Unexpected console statement.  no-console

./src/lib/queue.ts
1:17  Warning: 'Worker' is defined but never used.  @typescript-eslint/no-unused-vars
1:25  Warning: 'QueueScheduler' is defined but never used.  @typescript-eslint/no-unused-vars
2:10  Warning: 'getRedisClient' is defined but never used.  @typescript-eslint/no-unused-vars
18:42  Warning: Unexpected any. Specify a different type.  @typescript-eslint/no-explicit-any
143:24  Warning: Unexpected any. Specify a different type.  @typescript-eslint/no-explicit-any
207:12  Warning: Unexpected any. Specify a different type.  @typescript-eslint/no-explicit-any
240:27  Warning: Unexpected any. Specify a different type.  @typescript-eslint/no-explicit-any
276:10  Warning: Unexpected any. Specify a different type.  @typescript-eslint/no-explicit-any

./src/lib/redis.ts
77:34  Warning: Unexpected any. Specify a different type.  @typescript-eslint/no-explicit-any
137:64  Warning: Unexpected any. Specify a different type.  @typescript-eslint/no-explicit-any
148:23  Warning: Unexpected any. Specify a different type.  @typescript-eslint/no-explicit-any

./src/lib/serial-number.ts
8:44  Warning: 'assetType' is defined but never used. Allowed unused args must match /^_/u.  @typescript-eslint/no-unused-vars

./src/lib/sync-manager.ts
4:3  Warning: 'savePendingSync' is defined but never used.  @typescript-eslint/no-unused-vars
22:5  Warning: Unexpected console statement.  no-console
26:7  Warning: Unexpected console statement.  no-console
68:11  Warning: Unexpected any. Specify a different type.  @typescript-eslint/no-explicit-any
109:47  Warning: Unexpected any. Specify a different type.  @typescript-eslint/no-explicit-any
127:5  Warning: Unexpected console statement.  no-console
143:7  Warning: Unexpected console statement.  no-console
148:7  Warning: Unexpected console statement.  no-console
157:32  Warning: Unexpected any. Specify a different type.  @typescript-eslint/no-explicit-any
158:9  Warning: Unexpected console statement.  no-console
173:7  Warning: Unexpected console statement.  no-console
210:3  Warning: Unexpected console statement.  no-console

./src/lib/tenant/extractor.ts
41:31  Warning: Unexpected any. Specify a different type.  @typescript-eslint/no-explicit-any
90:28  Warning: Unexpected any. Specify a different type.  @typescript-eslint/no-explicit-any
91:32  Warning: Unexpected any. Specify a different type.  @typescript-eslint/no-explicit-any
164:28  Warning: Unexpected any. Specify a different type.  @typescript-eslint/no-explicit-any
165:32  Warning: Unexpected any. Specify a different type.  @typescript-eslint/no-explicit-any

./src/lib/tenant/helpers.ts
19:54  Warning: Unexpected any. Specify a different type.  @typescript-eslint/no-explicit-any
36:54  Warning: Unexpected any. Specify a different type.  @typescript-eslint/no-explicit-any
114:3  Warning: 'operationType' is defined but never used. Allowed unused args must match /^_/u.  @typescript-eslint/no-unused-vars
138:63  Warning: Unexpected any. Specify a different type.  @typescript-eslint/no-explicit-any
155:64  Warning: Unexpected any. Specify a different type.  @typescript-eslint/no-explicit-any

./src/lib/tenant-api.ts
5:10  Warning: 'extractTenantIdOrSlug' is defined but never used.  @typescript-eslint/no-unused-vars
5:33  Warning: 'getTenantFromDatabase' is defined but never used.  @typescript-eslint/no-unused-vars
41:45  Warning: Unexpected any. Specify a different type.  @typescript-eslint/no-explicit-any
102:61  Warning: Unexpected any. Specify a different type.  @typescript-eslint/no-explicit-any
146:61  Warning: Unexpected any. Specify a different type.  @typescript-eslint/no-explicit-any
232:17  Warning: Unexpected any. Specify a different type.  @typescript-eslint/no-explicit-any
238:13  Warning: Unexpected any. Specify a different type.  @typescript-eslint/no-explicit-any
262:17  Warning: Unexpected any. Specify a different type.  @typescript-eslint/no-explicit-any
268:13  Warning: Unexpected any. Specify a different type.  @typescript-eslint/no-explicit-any
290:17  Warning: Unexpected any. Specify a different type.  @typescript-eslint/no-explicit-any
297:14  Warning: Unexpected any. Specify a different type.  @typescript-eslint/no-explicit-any
321:21  Warning: Unexpected any. Specify a different type.  @typescript-eslint/no-explicit-any

./src/lib/ui-polish.ts
25:9  Warning: 'breakpointValue' is assigned a value but never used.  @typescript-eslint/no-unused-vars
171:35  Warning: Unexpected any. Specify a different type.  @typescript-eslint/no-explicit-any
182:46  Warning: Unexpected any. Specify a different type.  @typescript-eslint/no-explicit-any
182:56  Warning: Unexpected any. Specify a different type.  @typescript-eslint/no-explicit-any
197:46  Warning: Unexpected any. Specify a different type.  @typescript-eslint/no-explicit-any
197:56  Warning: Unexpected any. Specify a different type.  @typescript-eslint/no-explicit-any

./src/lib/utils.ts
74:46  Warning: Unexpected any. Specify a different type.  @typescript-eslint/no-explicit-any
74:56  Warning: Unexpected any. Specify a different type.  @typescript-eslint/no-explicit-any
89:46  Warning: Unexpected any. Specify a different type.  @typescript-eslint/no-explicit-any
89:56  Warning: Unexpected any. Specify a different type.  @typescript-eslint/no-explicit-any
107:32  Warning: Unexpected any. Specify a different type.  @typescript-eslint/no-explicit-any
125:52  Warning: Unexpected any. Specify a different type.  @typescript-eslint/no-explicit-any
145:36  Warning: Unexpected any. Specify a different type.  @typescript-eslint/no-explicit-any

./src/middleware/auth.ts
34:15  Warning: Unexpected any. Specify a different type.  @typescript-eslint/no-explicit-any
36:14  Warning: 'error' is defined but never used.  @typescript-eslint/no-unused-vars
63:17  Warning: Unexpected any. Specify a different type.  @typescript-eslint/no-explicit-any
136:9  Warning: 'clientIP' is assigned a value but never used.  @typescript-eslint/no-unused-vars
157:7  Warning: 'data' is never reassigned. Use 'const' instead.  prefer-const

./src/services/analytics.service.ts
2:10  Warning: 'AssetStatus' is defined but never used.  @typescript-eslint/no-unused-vars
2:23  Warning: 'AssetCondition' is defined but never used.  @typescript-eslint/no-unused-vars
91:16  Warning: Unexpected any. Specify a different type.  @typescript-eslint/no-explicit-any

./src/services/asset.service.ts
18:43  Warning: Unexpected any. Specify a different type.  @typescript-eslint/no-explicit-any
34:18  Warning: Unexpected any. Specify a different type.  @typescript-eslint/no-explicit-any
89:55  Warning: Unexpected any. Specify a different type.  @typescript-eslint/no-explicit-any
113:44  Warning: Unexpected any. Specify a different type.  @typescript-eslint/no-explicit-any
128:18  Warning: Unexpected any. Specify a different type.  @typescript-eslint/no-explicit-any
176:56  Warning: Unexpected any. Specify a different type.  @typescript-eslint/no-explicit-any
193:41  Warning: Unexpected any. Specify a different type.  @typescript-eslint/no-explicit-any
208:18  Warning: Unexpected any. Specify a different type.  @typescript-eslint/no-explicit-any

./src/services/audit.service.ts
9:30  Warning: Unexpected any. Specify a different type.  @typescript-eslint/no-explicit-any
10:30  Warning: Unexpected any. Specify a different type.  @typescript-eslint/no-explicit-any
90:18  Warning: Unexpected any. Specify a different type.  @typescript-eslint/no-explicit-any

./src/services/checkout.service.ts
131:11  Warning: 'where' is assigned a value but never used.  @typescript-eslint/no-unused-vars

./src/services/maintenance.service.ts
2:10  Warning: 'MaintenanceStatus' is defined but never used.  @typescript-eslint/no-unused-vars
35:52  Warning: Unexpected any. Specify a different type.  @typescript-eslint/no-explicit-any

./src/services/notification-dispatcher.ts
8:10  Warning: 'emailService' is defined but never used.  @typescript-eslint/no-unused-vars
8:24  Warning: 'logEmailInAudit' is defined but never used.  @typescript-eslint/no-unused-vars
39:24  Warning: Unexpected any. Specify a different type.  @typescript-eslint/no-explicit-any
132:18  Warning: Unexpected any. Specify a different type.  @typescript-eslint/no-explicit-any
142:22  Warning: Unexpected any. Specify a different type.  @typescript-eslint/no-explicit-any
235:11  Warning: Unexpected any. Specify a different type.  @typescript-eslint/no-explicit-any

./src/services/pdf.service.ts
2:10  Warning: 'Readable' is defined but never used.  @typescript-eslint/no-unused-vars
98:29  Warning: Unexpected any. Specify a different type.  @typescript-eslint/no-explicit-any
126:13  Warning: 'cellHeight' is assigned a value but never used.  @typescript-eslint/no-unused-vars
160:58  Warning: 'index' is defined but never used. Allowed unused args must match /^_/u.  @typescript-eslint/no-unused-vars
168:36  Warning: Unexpected any. Specify a different type.  @typescript-eslint/no-explicit-any
169:37  Warning: Unexpected any. Specify a different type.  @typescript-eslint/no-explicit-any
170:37  Warning: Unexpected any. Specify a different type.  @typescript-eslint/no-explicit-any
170:69  Warning: Unexpected any. Specify a different type.  @typescript-eslint/no-explicit-any
170:98  Warning: Unexpected any. Specify a different type.  @typescript-eslint/no-explicit-any
171:34  Warning: Unexpected any. Specify a different type.  @typescript-eslint/no-explicit-any
172:37  Warning: Unexpected any. Specify a different type.  @typescript-eslint/no-explicit-any
173:33  Warning: Unexpected any. Specify a different type.  @typescript-eslint/no-explicit-any
173:84  Warning: Unexpected any. Specify a different type.  @typescript-eslint/no-explicit-any
174:36  Warning: Unexpected any. Specify a different type.  @typescript-eslint/no-explicit-any
345:5  Warning: 'filters' is assigned a value but never used. Allowed unused args must match /^_/u.  @typescript-eslint/no-unused-vars
374:29  Warning: Unexpected any. Specify a different type.  @typescript-eslint/no-explicit-any
379:29  Warning: Unexpected any. Specify a different type.  @typescript-eslint/no-explicit-any
380:34  Warning: Unexpected any. Specify a different type.  @typescript-eslint/no-explicit-any
381:66  Warning: Unexpected any. Specify a different type.  @typescript-eslint/no-explicit-any
411:106  Warning: Unexpected any. Specify a different type.  @typescript-eslint/no-explicit-any
412:108  Warning: Unexpected any. Specify a different type.  @typescript-eslint/no-explicit-any
413:105  Warning: Unexpected any. Specify a different type.  @typescript-eslint/no-explicit-any
437:5  Warning: 'filters' is assigned a value but never used. Allowed unused args must match /^_/u.  @typescript-eslint/no-unused-vars
591:31  Warning: Unexpected any. Specify a different type.  @typescript-eslint/no-explicit-any

./src/services/qr.service.ts
108:30  Warning: Unexpected any. Specify a different type.  @typescript-eslint/no-explicit-any

./src/services/realtime-sync.service.ts
10:11  Warning: Unexpected any. Specify a different type.  @typescript-eslint/no-explicit-any
53:55  Warning: Unexpected any. Specify a different type.  @typescript-eslint/no-explicit-any
70:54  Warning: Unexpected any. Specify a different type.  @typescript-eslint/no-explicit-any
101:59  Warning: Unexpected any. Specify a different type.  @typescript-eslint/no-explicit-any
107:40  Warning: 'companyId' is defined but never used. Allowed unused args must match /^_/u.  @typescript-eslint/no-unused-vars
123:13  Warning: Unexpected any. Specify a different type.  @typescript-eslint/no-explicit-any
129:69  Warning: Unexpected any. Specify a different type.  @typescript-eslint/no-explicit-any

./src/services/reporting.service.ts
13:11  Warning: Unexpected any. Specify a different type.  @typescript-eslint/no-explicit-any
97:38  Warning: Unexpected any. Specify a different type.  @typescript-eslint/no-explicit-any
98:9  Warning: 'html' is never reassigned. Use 'const' instead.  prefer-const
140:44  Warning: Unexpected any. Specify a different type.  @typescript-eslint/no-explicit-any
141:9  Warning: 'html' is never reassigned. Use 'const' instead.  prefer-const
178:50  Warning: Unexpected any. Specify a different type.  @typescript-eslint/no-explicit-any
179:9  Warning: 'html' is never reassigned. Use 'const' instead.  prefer-const
216:45  Warning: Unexpected any. Specify a different type.  @typescript-eslint/no-explicit-any
262:5  Warning: 'reportType' is defined but never used. Allowed unused args must match /^_/u.  @typescript-eslint/no-unused-vars
263:5  Warning: 'schedule' is defined but never used. Allowed unused args must match /^_/u.  @typescript-eslint/no-unused-vars
264:5  Warning: 'email' is defined but never used. Allowed unused args must match /^_/u.  @typescript-eslint/no-unused-vars

./src/services/slack.service.ts
13:12  Warning: Unexpected any. Specify a different type.  @typescript-eslint/no-explicit-any
14:17  Warning: Unexpected any. Specify a different type.  @typescript-eslint/no-explicit-any

./src/services/user.service.ts
64:18  Warning: Unexpected any. Specify a different type.  @typescript-eslint/no-explicit-any
86:45  Warning: Unexpected any. Specify a different type.  @typescript-eslint/no-explicit-any

./src/types/api.ts
2:34  Warning: Unexpected any. Specify a different type.  @typescript-eslint/no-explicit-any
8:30  Warning: Unexpected any. Specify a different type.  @typescript-eslint/no-explicit-any
90:64  Warning: Unexpected any. Specify a different type.  @typescript-eslint/no-explicit-any
103:28  Warning: Unexpected any. Specify a different type.  @typescript-eslint/no-explicit-any

./src/utils/api-response.ts
1:34  Warning: Unexpected any. Specify a different type.  @typescript-eslint/no-explicit-any
7:30  Warning: Unexpected any. Specify a different type.  @typescript-eslint/no-explicit-any
18:37  Warning: Unexpected any. Specify a different type.  @typescript-eslint/no-explicit-any
38:3  Warning: 'statusCode' is assigned a value but never used. Allowed unused args must match /^_/u.  @typescript-eslint/no-unused-vars
39:28  Warning: Unexpected any. Specify a different type.  @typescript-eslint/no-explicit-any
54:28  Warning: Unexpected any. Specify a different type.  @typescript-eslint/no-explicit-any
62:28  Warning: Unexpected any. Specify a different type.  @typescript-eslint/no-explicit-any
77:28  Warning: Unexpected any. Specify a different type.  @typescript-eslint/no-explicit-any
82:28  Warning: Unexpected any. Specify a different type.  @typescript-eslint/no-explicit-any
96:39  Warning: Unexpected any. Specify a different type.  @typescript-eslint/no-explicit-any
137:26  Warning: Unexpected any. Specify a different type.  @typescript-eslint/no-explicit-any

./src/utils/security.ts
23:35  Warning: Unexpected any. Specify a different type.  @typescript-eslint/no-explicit-any
36:44  Warning: Unexpected any. Specify a different type.  @typescript-eslint/no-explicit-any
47:43  Warning: Unexpected any. Specify a different type.  @typescript-eslint/no-explicit-any
50:12  Warning: 'error' is defined but never used.  @typescript-eslint/no-unused-vars
55:52  Warning: Unexpected any. Specify a different type.  @typescript-eslint/no-explicit-any
58:12  Warning: 'error' is defined but never used.  @typescript-eslint/no-unused-vars

./src/websocket/server.ts
3:10  Warning: 'useSession' is defined but never used.  @typescript-eslint/no-unused-vars
4:10  Warning: 'prisma' is defined but never used.  @typescript-eslint/no-unused-vars
40:11  Warning: 'token' is assigned a value but never used.  @typescript-eslint/no-unused-vars
174:44  Warning: Unexpected any. Specify a different type.  @typescript-eslint/no-explicit-any
194:17  Warning: Unexpected any. Specify a different type.  @typescript-eslint/no-explicit-any
214:16  Warning: Unexpected any. Specify a different type.  @typescript-eslint/no-explicit-any
231:64  Warning: Unexpected any. Specify a different type.  @typescript-eslint/no-explicit-any
245:69  Warning: Unexpected any. Specify a different type.  @typescript-eslint/no-explicit-any
257:67  Warning: Unexpected any. Specify a different type.  @typescript-eslint/no-explicit-any

./src/workers/bootstrap.ts
13:3  Warning: Unexpected console statement.  no-console
32:9  Warning: Unexpected console statement.  no-console
50:5  Warning: Unexpected console statement.  no-console
51:5  Warning: Unexpected console statement.  no-console
52:5  Warning: Unexpected console statement.  no-console
53:5  Warning: Unexpected console statement.  no-console
54:5  Warning: Unexpected console statement.  no-console
56:5  Warning: Unexpected console statement.  no-console
58:5  Warning: Unexpected console statement.  no-console
59:5  Warning: Unexpected console statement.  no-console
60:5  Warning: Unexpected console statement.  no-console
61:5  Warning: Unexpected console statement.  no-console
63:5  Warning: Unexpected console statement.  no-console
64:5  Warning: Unexpected console statement.  no-console

./src/__tests__/tenant-isolation.test.ts
19:5  Warning: 'user1Tenant2Id' is assigned a value but never used.  @typescript-eslint/no-unused-vars
202:17  Warning: Unexpected any. Specify a different type.  @typescript-eslint/no-explicit-any
203:17  Warning: Unexpected any. Specify a different type.  @typescript-eslint/no-explicit-any

info  - Need to disable some ESLint rules? Learn more here: https://nextjs.org/docs/basic-features/eslint#disabling-rules
Failed to compile.

./src/app/api/furniture/route.ts:135:9
Type error: Type '{ assetTag: string; assetName: string; imageUrl: string | null; furnitureType: string | null; material: string | null; purchaseDate: Date | null; purchasePrice: number | null; ... 9 more ...; depreciationMethod: string | null; }' is not assignable to type '(Without<FurnitureAssetCreateInput, FurnitureAssetUncheckedCreateInput> & FurnitureAssetUncheckedCreateInput) | (Without<...> & FurnitureAssetCreateInput)'.
  Type '{ assetTag: string; assetName: string; imageUrl: string | null; furnitureType: string | null; material: string | null; purchaseDate: Date | null; purchasePrice: number | null; ... 9 more ...; depreciationMethod: string | null; }' is not assignable to type 'Without<FurnitureAssetCreateInput, FurnitureAssetUncheckedCreateInput> & FurnitureAssetUncheckedCreateInput'.
    Property 'tenantId' is missing in type '{ assetTag: string; assetName: string; imageUrl: string | null; furnitureType: string | null; material: string | null; purchaseDate: Date | null; purchasePrice: number | null; ... 9 more ...; depreciationMethod: string | null; }' but required in type 'FurnitureAssetUncheckedCreateInput'.

[0m [90m 133 |[39m     [36mif[39m (currentUser[33m.[39mrole [33m===[39m [32m'SUPER_ADMIN'[39m) {[0m
[0m [90m 134 |[39m       [36mconst[39m asset [33m=[39m [36mawait[39m prisma[33m.[39mfurnitureAsset[33m.[39mcreate({[0m
[0m[31m[1m>[22m[39m[90m 135 |[39m         data[33m:[39m {[0m
[0m [90m     |[39m         [31m[1m^[22m[39m[0m
[0m [90m 136 |[39m           assetTag[33m:[39m validatedData[33m.[39massetTag[33m,[39m[0m
[0m [90m 137 |[39m           assetName[33m:[39m validatedData[33m.[39massetName[33m,[39m[0m
[0m [90m 138 |[39m           imageUrl[33m:[39m validatedData[33m.[39mimageUrl [33m||[39m [36mnull[39m[33m,[39m[0m
Next.js build worker exited with code: 1 and signal: null
